
> frontend@0.0.0 test
> ng test --no-watch --browsers=ChromeHeadless

[33m>[39m Building...
[32m√[39m Building...
[1mInitial chunk files[22m                 [2m | [22m[1mNames[22m                            [2m | [22m [1mRaw size[22m
[32mchunk-TZZ63LJL.js[39m                   [2m | [22m[2m-[22m                                [2m | [22m  [36m2.29 MB[39m[2m | [22m
[32mpolyfills.js[39m                        [2m | [22m[2mpolyfills[22m                        [2m | [22m  [36m1.04 MB[39m[2m | [22m
[32mchunk-4ARLMYUL.js[39m                   [2m | [22m[2m-[22m                                [2m | [22m[36m254.04 kB[39m[2m | [22m
[32mchunk-DRATOPMB.js[39m                   [2m | [22m[2m-[22m                                [2m | [22m[36m232.05 kB[39m[2m | [22m
[32mchunk-WGD3JOJ5.js[39m                   [2m | [22m[2m-[22m                                [2m | [22m[36m197.75 kB[39m[2m | [22m
[32mchunk-VUSF4MJO.js[39m                   [2m | [22m[2m-[22m                                [2m | [22m [36m96.81 kB[39m[2m | [22m
[32mspec-home.spec.js[39m                   [2m | [22m[2mspec-home.spec[22m                   [2m | [22m [36m71.35 kB[39m[2m | [22m
[32mjasmine-cleanup-1.js[39m                [2m | [22m[2mjasmine-cleanup-1[22m                [2m | [22m [36m67.20 kB[39m[2m | [22m
[32mchunk-HE7URF32.js[39m                   [2m | [22m[2m-[22m                                [2m | [22m [36m43.45 kB[39m[2m | [22m
[32mspec-reminders.spec.js[39m              [2m | [22m[2mspec-reminders.spec[22m              [2m | [22m [36m42.01 kB[39m[2m | [22m
[32mspec-stats.spec.js[39m                  [2m | [22m[2mspec-stats.spec[22m                  [2m | [22m [36m41.46 kB[39m[2m | [22m
[32mspec-analysis-history.spec.js[39m       [2m | [22m[2mspec-analysis-history.spec[22m       [2m | [22m [36m26.04 kB[39m[2m | [22m
[32mchunk-MKBMR6IS.js[39m                   [2m | [22m[2m-[22m                                [2m | [22m [36m24.84 kB[39m[2m | [22m
[32mchunk-K6BX5DYI.js[39m                   [2m | [22m[2m-[22m                                [2m | [22m [36m23.08 kB[39m[2m | [22m
[32mchunk-3YZQYW4B.js[39m                   [2m | [22m[2m-[22m                                [2m | [22m [36m20.46 kB[39m[2m | [22m
[32mspec-important-emails.spec.js[39m       [2m | [22m[2mspec-important-emails.spec[22m       [2m | [22m [36m19.32 kB[39m[2m | [22m
[32mchunk-VZKVL336.js[39m                   [2m | [22m[2m-[22m                                [2m | [22m [36m14.39 kB[39m[2m | [22m
[32mchunk-TPOBZUO4.js[39m                   [2m | [22m[2m-[22m                                [2m | [22m [36m13.48 kB[39m[2m | [22m
[32mchunk-ML2EBR6Q.js[39m                   [2m | [22m[2m-[22m                                [2m | [22m [36m12.27 kB[39m[2m | [22m
[32mchunk-YQN2JKH4.js[39m                   [2m | [22m[2m-[22m                                [2m | [22m [36m12.06 kB[39m[2m | [22m
[32mspec-app.spec.js[39m                    [2m | [22m[2mspec-app.spec[22m                    [2m | [22m [36m11.66 kB[39m[2m | [22m
[32mchunk-FFGHJ45B.js[39m                   [2m | [22m[2m-[22m                                [2m | [22m [36m11.33 kB[39m[2m | [22m
[32mspec-header.spec.js[39m                 [2m | [22m[2mspec-header.spec[22m                 [2m | [22m [36m10.65 kB[39m[2m | [22m
[32mspec-settings.spec.js[39m               [2m | [22m[2mspec-settings.spec[22m               [2m | [22m [36m10.37 kB[39m[2m | [22m
[32mspec-error-toast.interceptor.spec.js[39m[2m | [22m[2mspec-error-toast.interceptor.spec[22m[2m | [22m [36m10.11 kB[39m[2m | [22m
[32mchunk-EJF5XR6M.js[39m                   [2m | [22m[2m-[22m                                [2m | [22m  [36m9.96 kB[39m[2m | [22m
[32mspec-notification.service.spec.js[39m   [2m | [22m[2mspec-notification.service.spec[22m   [2m | [22m  [36m9.86 kB[39m[2m | [22m
[32mchunk-LBQFVZXS.js[39m                   [2m | [22m[2m-[22m                                [2m | [22m  [36m9.65 kB[39m[2m | [22m
[32mspec-email-analysis.spec.js[39m         [2m | [22m[2mspec-email-analysis.spec[22m         [2m | [22m  [36m9.57 kB[39m[2m | [22m
[32mspec-admin-settings.spec.js[39m         [2m | [22m[2mspec-admin-settings.spec[22m         [2m | [22m  [36m9.38 kB[39m[2m | [22m
[32mchunk-2KTYHBH5.js[39m                   [2m | [22m[2m-[22m                                [2m | [22m  [36m9.14 kB[39m[2m | [22m
[32mspec-plan.spec.js[39m                   [2m | [22m[2mspec-plan.spec[22m                   [2m | [22m  [36m8.54 kB[39m[2m | [22m
[32mchunk-4C4AOLJQ.js[39m                   [2m | [22m[2m-[22m                                [2m | [22m  [36m8.54 kB[39m[2m | [22m
[32mspec-kebab-menu.spec.js[39m             [2m | [22m[2mspec-kebab-menu.spec[22m             [2m | [22m  [36m8.40 kB[39m[2m | [22m
[32mspec-admin-users.spec.js[39m            [2m | [22m[2mspec-admin-users.spec[22m            [2m | [22m  [36m8.38 kB[39m[2m | [22m
[32mspec-layout.spec.js[39m                 [2m | [22m[2mspec-layout.spec[22m                 [2m | [22m  [36m7.51 kB[39m[2m | [22m
[32mchunk-OCTQVKIX.js[39m                   [2m | [22m[2m-[22m                                [2m | [22m  [36m7.30 kB[39m[2m | [22m
[32mspec-email-search-results.spec.js[39m   [2m | [22m[2mspec-email-search-results.spec[22m   [2m | [22m  [36m7.18 kB[39m[2m | [22m
[32mspec-help-center.spec.js[39m            [2m | [22m[2mspec-help-center.spec[22m            [2m | [22m  [36m6.69 kB[39m[2m | [22m
[32mchunk-BJIHE2QX.js[39m                   [2m | [22m[2m-[22m                                [2m | [22m  [36m6.56 kB[39m[2m | [22m
[32mspec-email-viewer-header.spec.js[39m    [2m | [22m[2mspec-email-viewer-header.spec[22m    [2m | [22m  [36m6.46 kB[39m[2m | [22m
[32mspec-refresh.interceptor.spec.js[39m    [2m | [22m[2mspec-refresh.interceptor.spec[22m    [2m | [22m  [36m6.45 kB[39m[2m | [22m
[32mspec-admin-audit.spec.js[39m            [2m | [22m[2mspec-admin-audit.spec[22m            [2m | [22m  [36m6.42 kB[39m[2m | [22m
[32mspec-reminder-indicator.spec.js[39m     [2m | [22m[2mspec-reminder-indicator.spec[22m     [2m | [22m  [36m6.41 kB[39m[2m | [22m
[32mspec-email-item.spec.js[39m             [2m | [22m[2mspec-email-item.spec[22m             [2m | [22m  [36m5.98 kB[39m[2m | [22m
[32mspec-email.service.spec.js[39m          [2m | [22m[2mspec-email.service.spec[22m          [2m | [22m  [36m5.55 kB[39m[2m | [22m
[32mspec-reminder-form-dialog.spec.js[39m   [2m | [22m[2mspec-reminder-form-dialog.spec[22m   [2m | [22m  [36m5.25 kB[39m[2m | [22m
[32mchunk-UVKGEFKN.js[39m                   [2m | [22m[2m-[22m                                [2m | [22m  [36m5.09 kB[39m[2m | [22m
[32mchunk-7YA43RZF.js[39m                   [2m | [22m[2m-[22m                                [2m | [22m  [36m4.43 kB[39m[2m | [22m
[32mtest_main.js[39m                        [2m | [22m[2mtest_main[22m                        [2m | [22m  [36m4.42 kB[39m[2m | [22m
[32mchunk-4JY2CHY5.js[39m                   [2m | [22m[2m-[22m                                [2m | [22m  [36m4.02 kB[39m[2m | [22m
[32mspec-toast.service.spec.js[39m          [2m | [22m[2mspec-toast.service.spec[22m          [2m | [22m  [36m3.85 kB[39m[2m | [22m
[32mchunk-M34A3KEP.js[39m                   [2m | [22m[2m-[22m                                [2m | [22m  [36m3.75 kB[39m[2m | [22m
[32mchunk-K2MNEWH2.js[39m                   [2m | [22m[2m-[22m                                [2m | [22m  [36m3.74 kB[39m[2m | [22m
[32mspec-email-search.service.spec.js[39m   [2m | [22m[2mspec-email-search.service.spec[22m   [2m | [22m  [36m3.41 kB[39m[2m | [22m
[32mchunk-PPBNUKRL.js[39m                   [2m | [22m[2m-[22m                                [2m | [22m  [36m3.39 kB[39m[2m | [22m
[32mchunk-S4ZSUKJY.js[39m                   [2m | [22m[2m-[22m                                [2m | [22m  [36m2.79 kB[39m[2m | [22m
[32mspec-admin.guard.spec.js[39m            [2m | [22m[2mspec-admin.guard.spec[22m            [2m | [22m  [36m2.76 kB[39m[2m | [22m
[32mspec-sidebar.spec.js[39m                [2m | [22m[2mspec-sidebar.spec[22m                [2m | [22m  [36m2.08 kB[39m[2m | [22m
[32mchunk-TTULUY32.js[39m                   [2m | [22m[2m-[22m                                [2m | [22m  [36m1.99 kB[39m[2m | [22m
[32mspec-page-shell.spec.js[39m             [2m | [22m[2mspec-page-shell.spec[22m             [2m | [22m  [36m1.21 kB[39m[2m | [22m
[32mchunk-S2L56TKN.js[39m                   [2m | [22m[2m-[22m                                [2m | [22m  [36m1.11 kB[39m[2m | [22m
[32mchunk-7ZPY45UX.js[39m                   [2m | [22m[2m-[22m                                [2m | [22m[36m936 bytes[39m[2m | [22m
[32mstyles.css[39m                          [2m | [22m[2mstyles[22m                           [2m | [22m[36m835 bytes[39m[2m | [22m
[32mjasmine-cleanup-0.js[39m                [2m | [22m[2mjasmine-cleanup-0[22m                [2m | [22m[36m519 bytes[39m[2m | [22m
[32mchunk-HDHOKXIH.js[39m                   [2m | [22m[2m-[22m                                [2m | [22m[36m360 bytes[39m[2m | [22m

[1m [22m                                   [2m | [22m[1mInitial total[22m                    [2m | [22m  [1m4.81 MB[22m

Application bundle generation complete. [7.098 seconds] - 2026-07-07T04:32:13.610Z

[32m07 07 2026 01:32:14.750:INFO [karma-server]: [39mKarma v6.4.4 server started at http://localhost:9876/
[32m07 07 2026 01:32:14.752:INFO [launcher]: [39mLaunching browsers ChromeHeadless with concurrency unlimited
[32m07 07 2026 01:32:14.763:INFO [launcher]: [39mStarting browser ChromeHeadless
[32m07 07 2026 01:32:17.383:INFO [Chrome Headless 149.0.0.0 (Windows 10)]: [39mConnected on socket xG-Z7YdhhKRL2BXpAAAB with id 48539840
Chrome Headless 149.0.0.0 (Windows 10): Executed 0 of 239[32m SUCCESS[39m (0 secs / 0 secs)
[1A[2KChrome Headless 149.0.0.0 (Windows 10): Executed 1 of 239[32m SUCCESS[39m (0 secs / 0.113 secs)
[1A[2KChrome Headless 149.0.0.0 (Windows 10): Executed 2 of 239[32m SUCCESS[39m (0 secs / 0.142 secs)
[1A[2KChrome Headless 149.0.0.0 (Windows 10): Executed 3 of 239[32m SUCCESS[39m (0 secs / 0.15 secs)
[1A[2KChrome Headless 149.0.0.0 (Windows 10): Executed 4 of 239[32m SUCCESS[39m (0 secs / 0.154 secs)
[1A[2KChrome Headless 149.0.0.0 (Windows 10): Executed 5 of 239[32m SUCCESS[39m (0 secs / 0.159 secs)
[1A[2KChrome Headless 149.0.0.0 (Windows 10): Executed 6 of 239[32m SUCCESS[39m (0 secs / 0.176 secs)
[1A[2KChrome Headless 149.0.0.0 (Windows 10): Executed 7 of 239[32m SUCCESS[39m (0 secs / 0.181 secs)
[1A[2KChrome Headless 149.0.0.0 (Windows 10): Executed 8 of 239[32m SUCCESS[39m (0 secs / 0.186 secs)
[1A[2KChrome Headless 149.0.0.0 (Windows 10): Executed 9 of 239[32m SUCCESS[39m (0 secs / 0.199 secs)
[1A[2KChrome Headless 149.0.0.0 (Windows 10): Executed 10 of 239[32m SUCCESS[39m (0 secs / 0.212 secs)
[1A[2K[31mChrome Headless 149.0.0.0 (Windows 10) KebabMenuComponent Home goes to first enabled item FAILED[39m
	Error: The code should be running in the fakeAsync zone to call this function
	    at _getFakeAsyncZoneSpec (node_modules/zone.js/fesm2015/zone-testing.js:1748:19)
	    at Object.tick (node_modules/zone.js/fesm2015/zone-testing.js:1766:5)
	    at fn (node_modules/@angular/core/fesm2022/testing.mjs:532:45)
	    at withFakeAsyncTestModule (node_modules/@angular/core/fesm2022/testing.mjs:422:12)
	    at tick (node_modules/@angular/core/fesm2022/testing.mjs:532:12)
	    at UserContext.<anonymous> (src/app/components/kebab-menu/kebab-menu.spec.ts:174:5)
	    at _ZoneDelegate.invoke (node_modules/zone.js/fesm2015/zone.js:398:28)
	    at _ProxyZoneSpec.onInvoke (node_modules/zone.js/fesm2015/zone-testing.js:2132:39)
	    at _ZoneDelegate.invoke (node_modules/zone.js/fesm2015/zone.js:397:34)
	    at ZoneImpl.run (node_modules/zone.js/fesm2015/zone.js:113:43)
Chrome Headless 149.0.0.0 (Windows 10): Executed 11 of 239[31m (1 FAILED)[39m (0 secs / 0.813 secs)
[1A[2KChrome Headless 149.0.0.0 (Windows 10): Executed 12 of 239[31m (1 FAILED)[39m (0 secs / 0.817 secs)
[1A[2KChrome Headless 149.0.0.0 (Windows 10): Executed 13 of 239[31m (1 FAILED)[39m (0 secs / 0.82 secs)
[1A[2KChrome Headless 149.0.0.0 (Windows 10): Executed 14 of 239[31m (1 FAILED)[39m (0 secs / 0.831 secs)
[1A[2KChrome Headless 149.0.0.0 (Windows 10): Executed 15 of 239[31m (1 FAILED)[39m (0 secs / 0.84 secs)
[1A[2KChrome Headless 149.0.0.0 (Windows 10): Executed 16 of 239[31m (1 FAILED)[39m (0 secs / 0.844 secs)
[1A[2KChrome Headless 149.0.0.0 (Windows 10): Executed 17 of 239[31m (1 FAILED)[39m (0 secs / 0.852 secs)
[1A[2KChrome Headless 149.0.0.0 (Windows 10): Executed 18 of 239[31m (1 FAILED)[39m (0 secs / 0.858 secs)
[1A[2KChrome Headless 149.0.0.0 (Windows 10): Executed 19 of 239[31m (1 FAILED)[39m (0 secs / 0.864 secs)
[1A[2K[31mChrome Headless 149.0.0.0 (Windows 10) KebabMenuComponent End goes to last enabled item FAILED[39m
	Error: The code should be running in the fakeAsync zone to call this function
	    at _getFakeAsyncZoneSpec (node_modules/zone.js/fesm2015/zone-testing.js:1748:19)
	    at Object.tick (node_modules/zone.js/fesm2015/zone-testing.js:1766:5)
	    at fn (node_modules/@angular/core/fesm2022/testing.mjs:532:45)
	    at withFakeAsyncTestModule (node_modules/@angular/core/fesm2022/testing.mjs:422:12)
	    at tick (node_modules/@angular/core/fesm2022/testing.mjs:532:12)
	    at UserContext.<anonymous> (src/app/components/kebab-menu/kebab-menu.spec.ts:188:5)
	    at _ZoneDelegate.invoke (node_modules/zone.js/fesm2015/zone.js:398:28)
	    at _ProxyZoneSpec.onInvoke (node_modules/zone.js/fesm2015/zone-testing.js:2132:39)
	    at _ZoneDelegate.invoke (node_modules/zone.js/fesm2015/zone.js:397:34)
	    at ZoneImpl.run (node_modules/zone.js/fesm2015/zone.js:113:43)
Chrome Headless 149.0.0.0 (Windows 10): Executed 20 of 239[31m (2 FAILED)[39m (0 secs / 0.871 secs)
[1A[2KChrome Headless 149.0.0.0 (Windows 10): Executed 21 of 239[31m (2 FAILED)[39m (0 secs / 0.967 secs)
[1A[2KChrome Headless 149.0.0.0 (Windows 10): Executed 22 of 239[31m (2 FAILED)[39m (0 secs / 0.975 secs)
[1A[2KChrome Headless 149.0.0.0 (Windows 10): Executed 23 of 239[31m (2 FAILED)[39m (0 secs / 0.981 secs)
[1A[2KChrome Headless 149.0.0.0 (Windows 10): Executed 24 of 239[31m (2 FAILED)[39m (0 secs / 0.989 secs)
[1A[2KChrome Headless 149.0.0.0 (Windows 10): Executed 25 of 239[31m (2 FAILED)[39m (0 secs / 0.996 secs)
[1A[2KChrome Headless 149.0.0.0 (Windows 10): Executed 26 of 239[31m (2 FAILED)[39m (0 secs / 0.998 secs)
[1A[2KChrome Headless 149.0.0.0 (Windows 10): Executed 27 of 239[31m (2 FAILED)[39m (0 secs / 1.002 secs)
[1A[2KChrome Headless 149.0.0.0 (Windows 10): Executed 28 of 239[31m (2 FAILED)[39m (0 secs / 1.004 secs)
[1A[2KChrome Headless 149.0.0.0 (Windows 10): Executed 29 of 239[31m (2 FAILED)[39m (0 secs / 1.008 secs)
[1A[2KChrome Headless 149.0.0.0 (Windows 10): Executed 30 of 239[31m (2 FAILED)[39m (0 secs / 1.012 secs)
[1A[2KChrome Headless 149.0.0.0 (Windows 10): Executed 31 of 239[31m (2 FAILED)[39m (0 secs / 1.015 secs)
[1A[2KChrome Headless 149.0.0.0 (Windows 10): Executed 32 of 239[31m (2 FAILED)[39m (0 secs / 1.11 secs)
[1A[2KChrome Headless 149.0.0.0 (Windows 10): Executed 33 of 239[31m (2 FAILED)[39m (0 secs / 1.115 secs)
[1A[2KChrome Headless 149.0.0.0 (Windows 10): Executed 34 of 239[31m (2 FAILED)[39m (0 secs / 1.123 secs)
[1A[2KChrome Headless 149.0.0.0 (Windows 10): Executed 35 of 239[31m (2 FAILED)[39m (0 secs / 1.137 secs)
[1A[2KChrome Headless 149.0.0.0 (Windows 10): Executed 36 of 239[31m (2 FAILED)[39m (0 secs / 1.144 secs)
[1A[2KChrome Headless 149.0.0.0 (Windows 10): Executed 37 of 239[31m (2 FAILED)[39m (0 secs / 1.148 secs)
[1A[2KChrome Headless 149.0.0.0 (Windows 10): Executed 38 of 239[31m (2 FAILED)[39m (0 secs / 1.158 secs)
[1A[2KChrome Headless 149.0.0.0 (Windows 10): Executed 39 of 239[31m (2 FAILED)[39m (0 secs / 1.167 secs)
[1A[2KChrome Headless 149.0.0.0 (Windows 10): Executed 40 of 239[31m (2 FAILED)[39m (0 secs / 1.176 secs)
[1A[2KChrome Headless 149.0.0.0 (Windows 10): Executed 41 of 239[31m (2 FAILED)[39m (0 secs / 1.181 secs)
[1A[2KWARN: [36m'Spec 'NotificationService stopPolling clears the interval' has no expectations.'[39m
Chrome Headless 149.0.0.0 (Windows 10): Executed 41 of 239[31m (2 FAILED)[39m (0 secs / 1.181 secs)
WARN: 'Spec 'NotificationService stopPolling clears the interval' has no expectations.'
[1A[2KChrome Headless 149.0.0.0 (Windows 10): Executed 42 of 239[31m (2 FAILED)[39m (0 secs / 1.188 secs)
[1A[2KChrome Headless 149.0.0.0 (Windows 10): Executed 43 of 239[31m (2 FAILED)[39m (0 secs / 1.192 secs)
[1A[2KChrome Headless 149.0.0.0 (Windows 10): Executed 44 of 239[31m (2 FAILED)[39m (0 secs / 1.197 secs)
[1A[2KChrome Headless 149.0.0.0 (Windows 10): Executed 45 of 239[31m (2 FAILED)[39m (0 secs / 1.2 secs)
[1A[2KChrome Headless 149.0.0.0 (Windows 10): Executed 46 of 239[31m (2 FAILED)[39m (0 secs / 1.203 secs)
[1A[2KChrome Headless 149.0.0.0 (Windows 10): Executed 47 of 239[31m (2 FAILED)[39m (0 secs / 1.205 secs)
[1A[2KChrome Headless 149.0.0.0 (Windows 10): Executed 48 of 239[31m (2 FAILED)[39m (0 secs / 1.207 secs)
[1A[2KChrome Headless 149.0.0.0 (Windows 10): Executed 49 of 239[31m (2 FAILED)[39m (0 secs / 1.21 secs)
[1A[2KChrome Headless 149.0.0.0 (Windows 10): Executed 50 of 239[31m (2 FAILED)[39m (0 secs / 1.213 secs)
[1A[2KChrome Headless 149.0.0.0 (Windows 10): Executed 51 of 239[31m (2 FAILED)[39m (0 secs / 1.217 secs)
[1A[2KChrome Headless 149.0.0.0 (Windows 10): Executed 52 of 239[31m (2 FAILED)[39m (0 secs / 1.22 secs)
[1A[2KChrome Headless 149.0.0.0 (Windows 10): Executed 53 of 239[31m (2 FAILED)[39m (0 secs / 1.223 secs)
[1A[2KChrome Headless 149.0.0.0 (Windows 10): Executed 54 of 239[31m (2 FAILED)[39m (0 secs / 1.225 secs)
[1A[2KWARN: [36m'Spec 'NotificationService starts polling: first call is immediate, then once per interval' has no expectations.'[39m
Chrome Headless 149.0.0.0 (Windows 10): Executed 54 of 239[31m (2 FAILED)[39m (0 secs / 1.225 secs)
WARN: 'Spec 'NotificationService starts polling: first call is immediate, then once per interval' has no expectations.'
[1A[2KChrome Headless 149.0.0.0 (Windows 10): Executed 55 of 239[31m (2 FAILED)[39m (0 secs / 1.228 secs)
[1A[2KChrome Headless 149.0.0.0 (Windows 10): Executed 56 of 239[31m (2 FAILED)[39m (0 secs / 1.231 secs)
[1A[2KChrome Headless 149.0.0.0 (Windows 10): Executed 57 of 239[31m (2 FAILED)[39m (0 secs / 1.234 secs)
[1A[2KChrome Headless 149.0.0.0 (Windows 10): Executed 58 of 239[31m (2 FAILED)[39m (0 secs / 1.238 secs)
[1A[2KChrome Headless 149.0.0.0 (Windows 10): Executed 59 of 239[31m (2 FAILED)[39m (0 secs / 1.238 secs)
[1A[2KChrome Headless 149.0.0.0 (Windows 10): Executed 60 of 239[31m (2 FAILED)[39m (0 secs / 1.239 secs)
[1A[2KChrome Headless 149.0.0.0 (Windows 10): Executed 61 of 239[31m (2 FAILED)[39m (0 secs / 1.24 secs)
[1A[2KChrome Headless 149.0.0.0 (Windows 10): Executed 62 of 239[31m (2 FAILED)[39m (0 secs / 1.241 secs)
[1A[2KChrome Headless 149.0.0.0 (Windows 10): Executed 63 of 239[31m (2 FAILED)[39m (0 secs / 1.241 secs)
[1A[2KChrome Headless 149.0.0.0 (Windows 10): Executed 64 of 239[31m (2 FAILED)[39m (0 secs / 1.241 secs)
[1A[2KChrome Headless 149.0.0.0 (Windows 10): Executed 65 of 239[31m (2 FAILED)[39m (0 secs / 1.244 secs)
[1A[2KChrome Headless 149.0.0.0 (Windows 10): Executed 66 of 239[31m (2 FAILED)[39m (0 secs / 1.246 secs)
[1A[2KChrome Headless 149.0.0.0 (Windows 10): Executed 67 of 239[31m (2 FAILED)[39m (0 secs / 1.248 secs)
[1A[2KChrome Headless 149.0.0.0 (Windows 10): Executed 68 of 239[31m (2 FAILED)[39m (0 secs / 1.25 secs)
[1A[2KChrome Headless 149.0.0.0 (Windows 10): Executed 69 of 239[31m (2 FAILED)[39m (0 secs / 1.252 secs)
[1A[2KChrome Headless 149.0.0.0 (Windows 10): Executed 70 of 239[31m (2 FAILED)[39m (0 secs / 1.254 secs)
[1A[2KChrome Headless 149.0.0.0 (Windows 10): Executed 71 of 239[31m (2 FAILED)[39m (0 secs / 1.255 secs)
[1A[2KChrome Headless 149.0.0.0 (Windows 10): Executed 72 of 239[31m (2 FAILED)[39m (0 secs / 1.257 secs)
[1A[2KChrome Headless 149.0.0.0 (Windows 10): Executed 73 of 239[31m (2 FAILED)[39m (0 secs / 1.259 secs)
[1A[2KChrome Headless 149.0.0.0 (Windows 10): Executed 74 of 239[31m (2 FAILED)[39m (0 secs / 1.261 secs)
[1A[2KChrome Headless 149.0.0.0 (Windows 10): Executed 75 of 239[31m (2 FAILED)[39m (0 secs / 1.262 secs)
[1A[2KChrome Headless 149.0.0.0 (Windows 10): Executed 76 of 239[31m (2 FAILED)[39m (0 secs / 1.263 secs)
[1A[2KChrome Headless 149.0.0.0 (Windows 10): Executed 77 of 239[31m (2 FAILED)[39m (0 secs / 1.266 secs)
[1A[2KChrome Headless 149.0.0.0 (Windows 10): Executed 78 of 239[31m (2 FAILED)[39m (0 secs / 1.309 secs)
[1A[2KChrome Headless 149.0.0.0 (Windows 10): Executed 79 of 239[31m (2 FAILED)[39m (0 secs / 1.315 secs)
[1A[2KChrome Headless 149.0.0.0 (Windows 10): Executed 80 of 239[31m (2 FAILED)[39m (0 secs / 1.32 secs)
[1A[2KChrome Headless 149.0.0.0 (Windows 10): Executed 81 of 239[31m (2 FAILED)[39m (0 secs / 1.325 secs)
[1A[2KChrome Headless 149.0.0.0 (Windows 10): Executed 82 of 239[31m (2 FAILED)[39m (0 secs / 1.392 secs)
[1A[2KChrome Headless 149.0.0.0 (Windows 10): Executed 83 of 239[31m (2 FAILED)[39m (0 secs / 1.398 secs)
[1A[2KChrome Headless 149.0.0.0 (Windows 10): Executed 84 of 239[31m (2 FAILED)[39m (0 secs / 1.404 secs)
[1A[2KChrome Headless 149.0.0.0 (Windows 10): Executed 85 of 239[31m (2 FAILED)[39m (0 secs / 1.408 secs)
[1A[2KChrome Headless 149.0.0.0 (Windows 10): Executed 86 of 239[31m (2 FAILED)[39m (0 secs / 1.414 secs)
[1A[2KChrome Headless 149.0.0.0 (Windows 10): Executed 87 of 239[31m (2 FAILED)[39m (0 secs / 1.437 secs)
[1A[2KChrome Headless 149.0.0.0 (Windows 10): Executed 88 of 239[31m (2 FAILED)[39m (0 secs / 1.444 secs)
[1A[2KChrome Headless 149.0.0.0 (Windows 10): Executed 89 of 239[31m (2 FAILED)[39m (0 secs / 1.452 secs)
[1A[2KChrome Headless 149.0.0.0 (Windows 10): Executed 90 of 239[31m (2 FAILED)[39m (0 secs / 1.461 secs)
[1A[2KChrome Headless 149.0.0.0 (Windows 10): Executed 91 of 239[31m (2 FAILED)[39m (0 secs / 1.47 secs)
[1A[2KChrome Headless 149.0.0.0 (Windows 10): Executed 92 of 239[31m (2 FAILED)[39m (0 secs / 1.48 secs)
[1A[2KChrome Headless 149.0.0.0 (Windows 10): Executed 93 of 239[31m (2 FAILED)[39m (0 secs / 1.539 secs)
[1A[2KChrome Headless 149.0.0.0 (Windows 10): Executed 94 of 239[31m (2 FAILED)[39m (0 secs / 1.549 secs)
[1A[2KChrome Headless 149.0.0.0 (Windows 10): Executed 95 of 239[31m (2 FAILED)[39m (0 secs / 1.553 secs)
[1A[2KChrome Headless 149.0.0.0 (Windows 10): Executed 96 of 239[31m (2 FAILED)[39m (0 secs / 1.556 secs)
[1A[2KChrome Headless 149.0.0.0 (Windows 10): Executed 97 of 239[31m (2 FAILED)[39m (0 secs / 1.56 secs)
[1A[2KChrome Headless 149.0.0.0 (Windows 10): Executed 98 of 239[31m (2 FAILED)[39m (0 secs / 1.564 secs)
[1A[2KChrome Headless 149.0.0.0 (Windows 10): Executed 99 of 239[31m (2 FAILED)[39m (0 secs / 1.569 secs)
[1A[2KChrome Headless 149.0.0.0 (Windows 10): Executed 100 of 239[31m (2 FAILED)[39m (0 secs / 1.573 secs)
[1A[2KChrome Headless 149.0.0.0 (Windows 10): Executed 101 of 239[31m (2 FAILED)[39m (0 secs / 1.576 secs)
[1A[2KChrome Headless 149.0.0.0 (Windows 10): Executed 102 of 239[31m (2 FAILED)[39m (0 secs / 1.579 secs)
[1A[2KChrome Headless 149.0.0.0 (Windows 10): Executed 103 of 239[31m (2 FAILED)[39m (0 secs / 1.586 secs)
[1A[2KChrome Headless 149.0.0.0 (Windows 10): Executed 104 of 239[31m (2 FAILED)[39m (0 secs / 1.589 secs)
[1A[2KChrome Headless 149.0.0.0 (Windows 10): Executed 105 of 239[31m (2 FAILED)[39m (0 secs / 1.594 secs)
[1A[2KChrome Headless 149.0.0.0 (Windows 10): Executed 106 of 239[31m (2 FAILED)[39m (0 secs / 1.598 secs)
[1A[2KChrome Headless 149.0.0.0 (Windows 10): Executed 107 of 239[31m (2 FAILED)[39m (0 secs / 1.601 secs)
[1A[2KChrome Headless 149.0.0.0 (Windows 10): Executed 108 of 239[31m (2 FAILED)[39m (0 secs / 1.608 secs)
[1A[2KChrome Headless 149.0.0.0 (Windows 10): Executed 109 of 239[31m (2 FAILED)[39m (0 secs / 1.612 secs)
[1A[2KChrome Headless 149.0.0.0 (Windows 10): Executed 110 of 239[31m (2 FAILED)[39m (0 secs / 1.617 secs)
[1A[2KChrome Headless 149.0.0.0 (Windows 10): Executed 111 of 239[31m (2 FAILED)[39m (0 secs / 1.62 secs)
[1A[2KChrome Headless 149.0.0.0 (Windows 10): Executed 112 of 239[31m (2 FAILED)[39m (0 secs / 1.643 secs)
[1A[2KChrome Headless 149.0.0.0 (Windows 10): Executed 113 of 239[31m (2 FAILED)[39m (0 secs / 1.645 secs)
[1A[2KChrome Headless 149.0.0.0 (Windows 10): Executed 114 of 239[31m (2 FAILED)[39m (0 secs / 1.654 secs)
[1A[2KChrome Headless 149.0.0.0 (Windows 10): Executed 115 of 239[31m (2 FAILED)[39m (0 secs / 1.658 secs)
[1A[2KChrome Headless 149.0.0.0 (Windows 10): Executed 116 of 239[31m (2 FAILED)[39m (0 secs / 1.665 secs)
[1A[2KChrome Headless 149.0.0.0 (Windows 10): Executed 117 of 239[31m (2 FAILED)[39m (0 secs / 1.669 secs)
[1A[2KChrome Headless 149.0.0.0 (Windows 10): Executed 118 of 239[31m (2 FAILED)[39m (0 secs / 1.673 secs)
[1A[2KChrome Headless 149.0.0.0 (Windows 10): Executed 119 of 239[31m (2 FAILED)[39m (0 secs / 1.677 secs)
[1A[2KChrome Headless 149.0.0.0 (Windows 10): Executed 120 of 239[31m (2 FAILED)[39m (0 secs / 1.68 secs)
[1A[2KChrome Headless 149.0.0.0 (Windows 10): Executed 121 of 239[31m (2 FAILED)[39m (0 secs / 1.684 secs)
[1A[2KChrome Headless 149.0.0.0 (Windows 10): Executed 122 of 239[31m (2 FAILED)[39m (0 secs / 1.703 secs)
[1A[2KChrome Headless 149.0.0.0 (Windows 10): Executed 123 of 239[31m (2 FAILED)[39m (0 secs / 1.71 secs)
[1A[2KChrome Headless 149.0.0.0 (Windows 10): Executed 124 of 239[31m (2 FAILED)[39m (0 secs / 1.714 secs)
[1A[2KChrome Headless 149.0.0.0 (Windows 10): Executed 125 of 239[31m (2 FAILED)[39m (0 secs / 1.719 secs)
[1A[2KChrome Headless 149.0.0.0 (Windows 10): Executed 126 of 239[31m (2 FAILED)[39m (0 secs / 1.723 secs)
[1A[2KChrome Headless 149.0.0.0 (Windows 10): Executed 127 of 239[31m (2 FAILED)[39m (0 secs / 1.727 secs)
[1A[2KChrome Headless 149.0.0.0 (Windows 10): Executed 128 of 239[31m (2 FAILED)[39m (0 secs / 1.732 secs)
[1A[2KChrome Headless 149.0.0.0 (Windows 10): Executed 129 of 239[31m (2 FAILED)[39m (0 secs / 1.736 secs)
[1A[2KChrome Headless 149.0.0.0 (Windows 10): Executed 130 of 239[31m (2 FAILED)[39m (0 secs / 1.739 secs)
[1A[2KChrome Headless 149.0.0.0 (Windows 10): Executed 131 of 239[31m (2 FAILED)[39m (0 secs / 1.744 secs)
[1A[2KChrome Headless 149.0.0.0 (Windows 10): Executed 132 of 239[31m (2 FAILED)[39m (0 secs / 1.749 secs)
[1A[2KChrome Headless 149.0.0.0 (Windows 10): Executed 133 of 239[31m (2 FAILED)[39m (0 secs / 1.754 secs)
[1A[2KChrome Headless 149.0.0.0 (Windows 10): Executed 134 of 239[31m (2 FAILED)[39m (0 secs / 1.845 secs)
[1A[2KChrome Headless 149.0.0.0 (Windows 10): Executed 135 of 239[31m (2 FAILED)[39m (0 secs / 1.854 secs)
[1A[2KChrome Headless 149.0.0.0 (Windows 10): Executed 136 of 239[31m (2 FAILED)[39m (0 secs / 1.861 secs)
[1A[2KChrome Headless 149.0.0.0 (Windows 10): Executed 137 of 239[31m (2 FAILED)[39m (0 secs / 1.867 secs)
[1A[2KChrome Headless 149.0.0.0 (Windows 10): Executed 138 of 239[31m (2 FAILED)[39m (0 secs / 1.875 secs)
[1A[2KChrome Headless 149.0.0.0 (Windows 10): Executed 139 of 239[31m (2 FAILED)[39m (0 secs / 1.882 secs)
[1A[2KChrome Headless 149.0.0.0 (Windows 10): Executed 140 of 239[31m (2 FAILED)[39m (0 secs / 1.905 secs)
[1A[2KChrome Headless 149.0.0.0 (Windows 10): Executed 141 of 239[31m (2 FAILED)[39m (0 secs / 1.916 secs)
[1A[2KChrome Headless 149.0.0.0 (Windows 10): Executed 142 of 239[31m (2 FAILED)[39m (0 secs / 1.923 secs)
[1A[2KChrome Headless 149.0.0.0 (Windows 10): Executed 143 of 239[31m (2 FAILED)[39m (0 secs / 1.926 secs)
[1A[2KChrome Headless 149.0.0.0 (Windows 10): Executed 144 of 239[31m (2 FAILED)[39m (0 secs / 1.938 secs)
[1A[2KChrome Headless 149.0.0.0 (Windows 10): Executed 145 of 239[31m (2 FAILED)[39m (0 secs / 1.943 secs)
[1A[2KChrome Headless 149.0.0.0 (Windows 10): Executed 146 of 239[31m (2 FAILED)[39m (0 secs / 1.946 secs)
[1A[2KChrome Headless 149.0.0.0 (Windows 10): Executed 147 of 239[31m (2 FAILED)[39m (0 secs / 1.949 secs)
[1A[2KChrome Headless 149.0.0.0 (Windows 10): Executed 148 of 239[31m (2 FAILED)[39m (0 secs / 1.951 secs)
[1A[2KWARN: [36m'Spec 'EmailService fetchEmails trims q before sending' has no expectations.'[39m
Chrome Headless 149.0.0.0 (Windows 10): Executed 148 of 239[31m (2 FAILED)[39m (0 secs / 1.951 secs)
WARN: 'Spec 'EmailService fetchEmails trims q before sending' has no expectations.'
[1A[2KChrome Headless 149.0.0.0 (Windows 10): Executed 149 of 239[31m (2 FAILED)[39m (0 secs / 1.954 secs)
[1A[2KWARN: [36m'Spec 'EmailService fetchEmails omits q when it is null, undefined or blank' has no expectations.'[39m
Chrome Headless 149.0.0.0 (Windows 10): Executed 149 of 239[31m (2 FAILED)[39m (0 secs / 1.954 secs)
WARN: 'Spec 'EmailService fetchEmails omits q when it is null, undefined or blank' has no expectations.'
[1A[2KChrome Headless 149.0.0.0 (Windows 10): Executed 150 of 239[31m (2 FAILED)[39m (0 secs / 1.957 secs)
[1A[2KWARN: [36m'Spec 'EmailService fetchEmails appends size=N to the URL when size is provided' has no expectations.'[39m
Chrome Headless 149.0.0.0 (Windows 10): Executed 150 of 239[31m (2 FAILED)[39m (0 secs / 1.957 secs)
WARN: 'Spec 'EmailService fetchEmails appends size=N to the URL when size is provided' has no expectations.'
[1A[2KChrome Headless 149.0.0.0 (Windows 10): Executed 151 of 239[31m (2 FAILED)[39m (0 secs / 1.959 secs)
[1A[2KChrome Headless 149.0.0.0 (Windows 10): Executed 152 of 239[31m (2 FAILED)[39m (0 secs / 1.962 secs)
[1A[2KChrome Headless 149.0.0.0 (Windows 10): Executed 153 of 239[31m (2 FAILED)[39m (0 secs / 1.965 secs)
[1A[2KWARN: [36m'Spec 'EmailService fetchEmails omits size when null, undefined, or zero/negative' has no expectations.'[39m
Chrome Headless 149.0.0.0 (Windows 10): Executed 153 of 239[31m (2 FAILED)[39m (0 secs / 1.965 secs)
WARN: 'Spec 'EmailService fetchEmails omits size when null, undefined, or zero/negative' has no expectations.'
[1A[2KChrome Headless 149.0.0.0 (Windows 10): Executed 154 of 239[31m (2 FAILED)[39m (0 secs / 1.967 secs)
[1A[2KChrome Headless 149.0.0.0 (Windows 10): Executed 155 of 239[31m (2 FAILED)[39m (0 secs / 1.969 secs)
[1A[2KChrome Headless 149.0.0.0 (Windows 10): Executed 156 of 239[31m (2 FAILED)[39m (0 secs / 1.975 secs)
[1A[2KChrome Headless 149.0.0.0 (Windows 10): Executed 157 of 239[31m (2 FAILED)[39m (0 secs / 1.981 secs)
[1A[2KChrome Headless 149.0.0.0 (Windows 10): Executed 158 of 239[31m (2 FAILED)[39m (0 secs / 1.985 secs)
[1A[2KChrome Headless 149.0.0.0 (Windows 10): Executed 159 of 239[31m (2 FAILED)[39m (0 secs / 1.992 secs)
[1A[2KChrome Headless 149.0.0.0 (Windows 10): Executed 160 of 239[31m (2 FAILED)[39m (0 secs / 1.998 secs)
[1A[2KChrome Headless 149.0.0.0 (Windows 10): Executed 161 of 239[31m (2 FAILED)[39m (0 secs / 2.003 secs)
[1A[2KChrome Headless 149.0.0.0 (Windows 10): Executed 162 of 239[31m (2 FAILED)[39m (0 secs / 2.005 secs)
[1A[2KChrome Headless 149.0.0.0 (Windows 10): Executed 163 of 239[31m (2 FAILED)[39m (0 secs / 2.006 secs)
[1A[2KChrome Headless 149.0.0.0 (Windows 10): Executed 164 of 239[31m (2 FAILED)[39m (0 secs / 2.007 secs)
[1A[2KChrome Headless 149.0.0.0 (Windows 10): Executed 165 of 239[31m (2 FAILED)[39m (0 secs / 2.012 secs)
[1A[2KChrome Headless 149.0.0.0 (Windows 10): Executed 166 of 239[31m (2 FAILED)[39m (0 secs / 2.014 secs)
[1A[2KChrome Headless 149.0.0.0 (Windows 10): Executed 167 of 239[31m (2 FAILED)[39m (0 secs / 2.028 secs)
[1A[2KChrome Headless 149.0.0.0 (Windows 10): Executed 168 of 239[31m (2 FAILED)[39m (0 secs / 2.056 secs)
[1A[2KChrome Headless 149.0.0.0 (Windows 10): Executed 169 of 239[31m (2 FAILED)[39m (0 secs / 2.06 secs)
[1A[2KChrome Headless 149.0.0.0 (Windows 10): Executed 170 of 239[31m (2 FAILED)[39m (0 secs / 2.064 secs)
[1A[2KChrome Headless 149.0.0.0 (Windows 10): Executed 171 of 239[31m (2 FAILED)[39m (0 secs / 2.069 secs)
[1A[2KChrome Headless 149.0.0.0 (Windows 10): Executed 172 of 239[31m (2 FAILED)[39m (0 secs / 2.076 secs)
[1A[2KChrome Headless 149.0.0.0 (Windows 10): Executed 173 of 239[31m (2 FAILED)[39m (0 secs / 2.08 secs)
[1A[2KChrome Headless 149.0.0.0 (Windows 10): Executed 174 of 239[31m (2 FAILED)[39m (0 secs / 2.083 secs)
[1A[2KWARN: [36m'Spec 'AnalysisHistoryComponent does not refetch when onPageChange is called with the current page' has no expectations.'[39m
Chrome Headless 149.0.0.0 (Windows 10): Executed 174 of 239[31m (2 FAILED)[39m (0 secs / 2.083 secs)
WARN: 'Spec 'AnalysisHistoryComponent does not refetch when onPageChange is called with the current page' has no expectations.'
[1A[2KChrome Headless 149.0.0.0 (Windows 10): Executed 175 of 239[31m (2 FAILED)[39m (0 secs / 2.09 secs)
[1A[2KChrome Headless 149.0.0.0 (Windows 10): Executed 176 of 239[31m (2 FAILED)[39m (0 secs / 2.096 secs)
[1A[2KChrome Headless 149.0.0.0 (Windows 10): Executed 177 of 239[31m (2 FAILED)[39m (0 secs / 2.103 secs)
[1A[2KChrome Headless 149.0.0.0 (Windows 10): Executed 178 of 239[31m (2 FAILED)[39m (0 secs / 2.107 secs)
[1A[2KChrome Headless 149.0.0.0 (Windows 10): Executed 179 of 239[31m (2 FAILED)[39m (0 secs / 2.113 secs)
[1A[2KChrome Headless 149.0.0.0 (Windows 10): Executed 180 of 239[31m (2 FAILED)[39m (0 secs / 2.117 secs)
[1A[2KChrome Headless 149.0.0.0 (Windows 10): Executed 181 of 239[31m (2 FAILED)[39m (0 secs / 2.122 secs)
[1A[2KChrome Headless 149.0.0.0 (Windows 10): Executed 182 of 239[31m (2 FAILED)[39m (0 secs / 2.136 secs)
[1A[2KChrome Headless 149.0.0.0 (Windows 10): Executed 183 of 239[31m (2 FAILED)[39m (0 secs / 2.143 secs)
[1A[2KChrome Headless 149.0.0.0 (Windows 10): Executed 184 of 239[31m (2 FAILED)[39m (0 secs / 2.148 secs)
[1A[2KChrome Headless 149.0.0.0 (Windows 10): Executed 185 of 239[31m (2 FAILED)[39m (0 secs / 2.152 secs)
[1A[2KChrome Headless 149.0.0.0 (Windows 10): Executed 186 of 239[31m (2 FAILED)[39m (0 secs / 2.196 secs)
[1A[2KChrome Headless 149.0.0.0 (Windows 10): Executed 187 of 239[31m (2 FAILED)[39m (0 secs / 2.201 secs)
[1A[2KChrome Headless 149.0.0.0 (Windows 10): Executed 188 of 239[31m (2 FAILED)[39m (0 secs / 2.21 secs)
[1A[2KChrome Headless 149.0.0.0 (Windows 10): Executed 189 of 239[31m (2 FAILED)[39m (0 secs / 2.214 secs)
[1A[2KChrome Headless 149.0.0.0 (Windows 10): Executed 190 of 239[31m (2 FAILED)[39m (0 secs / 2.217 secs)
[1A[2KChrome Headless 149.0.0.0 (Windows 10): Executed 191 of 239[31m (2 FAILED)[39m (0 secs / 2.223 secs)
[1A[2KChrome Headless 149.0.0.0 (Windows 10): Executed 192 of 239[31m (2 FAILED)[39m (0 secs / 2.228 secs)
[1A[2KChrome Headless 149.0.0.0 (Windows 10): Executed 193 of 239[31m (2 FAILED)[39m (0 secs / 2.234 secs)
[1A[2KChrome Headless 149.0.0.0 (Windows 10): Executed 194 of 239[31m (2 FAILED)[39m (0 secs / 2.239 secs)
[1A[2KChrome Headless 149.0.0.0 (Windows 10): Executed 195 of 239[31m (2 FAILED)[39m (0 secs / 2.241 secs)
[1A[2KChrome Headless 149.0.0.0 (Windows 10): Executed 196 of 239[31m (2 FAILED)[39m (0 secs / 2.242 secs)
[1A[2KChrome Headless 149.0.0.0 (Windows 10): Executed 197 of 239[31m (2 FAILED)[39m (0 secs / 2.243 secs)
[1A[2KChrome Headless 149.0.0.0 (Windows 10): Executed 198 of 239[31m (2 FAILED)[39m (0 secs / 2.246 secs)
[1A[2KChrome Headless 149.0.0.0 (Windows 10): Executed 199 of 239[31m (2 FAILED)[39m (0 secs / 2.247 secs)
[1A[2KChrome Headless 149.0.0.0 (Windows 10): Executed 200 of 239[31m (2 FAILED)[39m (0 secs / 2.249 secs)
[1A[2KChrome Headless 149.0.0.0 (Windows 10): Executed 201 of 239[31m (2 FAILED)[39m (0 secs / 2.252 secs)
[1A[2KChrome Headless 149.0.0.0 (Windows 10): Executed 202 of 239[31m (2 FAILED)[39m (0 secs / 2.254 secs)
[1A[2KChrome Headless 149.0.0.0 (Windows 10): Executed 203 of 239[31m (2 FAILED)[39m (0 secs / 2.257 secs)
[1A[2KChrome Headless 149.0.0.0 (Windows 10): Executed 204 of 239[31m (2 FAILED)[39m (0 secs / 2.259 secs)
[1A[2KChrome Headless 149.0.0.0 (Windows 10): Executed 205 of 239[31m (2 FAILED)[39m (0 secs / 2.261 secs)
[1A[2KChrome Headless 149.0.0.0 (Windows 10): Executed 206 of 239[31m (2 FAILED)[39m (0 secs / 2.268 secs)
[1A[2KChrome Headless 149.0.0.0 (Windows 10): Executed 207 of 239[31m (2 FAILED)[39m (0 secs / 2.271 secs)
[1A[2KChrome Headless 149.0.0.0 (Windows 10): Executed 208 of 239[31m (2 FAILED)[39m (0 secs / 2.293 secs)
[1A[2KChrome Headless 149.0.0.0 (Windows 10): Executed 209 of 239[31m (2 FAILED)[39m (0 secs / 2.299 secs)
[1A[2KChrome Headless 149.0.0.0 (Windows 10): Executed 210 of 239[31m (2 FAILED)[39m (0 secs / 2.304 secs)
[1A[2KChrome Headless 149.0.0.0 (Windows 10): Executed 211 of 239[31m (2 FAILED)[39m (0 secs / 2.31 secs)
[1A[2KChrome Headless 149.0.0.0 (Windows 10): Executed 212 of 239[31m (2 FAILED)[39m (0 secs / 2.319 secs)
[1A[2KChrome Headless 149.0.0.0 (Windows 10): Executed 213 of 239[31m (2 FAILED)[39m (0 secs / 2.323 secs)
[1A[2KChrome Headless 149.0.0.0 (Windows 10): Executed 214 of 239[31m (2 FAILED)[39m (0 secs / 2.336 secs)
[1A[2KChrome Headless 149.0.0.0 (Windows 10): Executed 215 of 239[31m (2 FAILED)[39m (0 secs / 2.338 secs)
[1A[2KChrome Headless 149.0.0.0 (Windows 10): Executed 216 of 239[31m (2 FAILED)[39m (0 secs / 2.342 secs)
[1A[2KChrome Headless 149.0.0.0 (Windows 10): Executed 217 of 239[31m (2 FAILED)[39m (0 secs / 2.345 secs)
[1A[2K[31mChrome Headless 149.0.0.0 (Windows 10) HomeComponent — US 3.6 kebab menu actions onEmailAction("explain-ai") with idle state triggers runAnalysis FAILED[39m
	Error: Expected no open requests, found 1: GET /api/emails/fetch?page=0
	    at _HttpClientTestingBackend.verify (node_modules/@angular/common/fesm2022/http/testing.mjs:301:19)
	    at UserContext.<anonymous> (src/app/pages/home/home.spec.ts:329:14)
	    at _ZoneDelegate.invoke (node_modules/zone.js/fesm2015/zone.js:398:28)
	    at _ProxyZoneSpec.onInvoke (node_modules/zone.js/fesm2015/zone-testing.js:2132:39)
	    at _ZoneDelegate.invoke (node_modules/zone.js/fesm2015/zone.js:397:34)
	    at ZoneImpl.run (node_modules/zone.js/fesm2015/zone.js:113:43)
	    at runInTestZone (node_modules/zone.js/fesm2015/zone-testing.js:216:38)
	    at UserContext.<anonymous> (node_modules/zone.js/fesm2015/zone-testing.js:234:32)
	    at <Jasmine>
Chrome Headless 149.0.0.0 (Windows 10): Executed 218 of 239[31m (3 FAILED)[39m (0 secs / 2.37 secs)
[1A[2KChrome Headless 149.0.0.0 (Windows 10): Executed 219 of 239[31m (3 FAILED)[39m (0 secs / 2.374 secs)
[1A[2KWARN: [36m'Spec 'HomeComponent — US 3.6 kebab menu actions onEmailAction("mark-important") calls toggleImportant and updates signals' has no expectations.'[39m
Chrome Headless 149.0.0.0 (Windows 10): Executed 219 of 239[31m (3 FAILED)[39m (0 secs / 2.374 secs)
WARN: 'Spec 'HomeComponent — US 3.6 kebab menu actions onEmailAction("mark-important") calls toggleImportant and updates signals' has no expectations.'
[1A[2KChrome Headless 149.0.0.0 (Windows 10): Executed 220 of 239[31m (3 FAILED)[39m (0 secs / 2.379 secs)
[1A[2KChrome Headless 149.0.0.0 (Windows 10): Executed 221 of 239[31m (3 FAILED)[39m (0 secs / 2.384 secs)
[1A[2KChrome Headless 149.0.0.0 (Windows 10): Executed 222 of 239[31m (3 FAILED)[39m (0 secs / 2.387 secs)
[1A[2KChrome Headless 149.0.0.0 (Windows 10): Executed 223 of 239[31m (3 FAILED)[39m (0 secs / 2.391 secs)
[1A[2KChrome Headless 149.0.0.0 (Windows 10): Executed 224 of 239[31m (3 FAILED)[39m (0 secs / 2.395 secs)
[1A[2KChrome Headless 149.0.0.0 (Windows 10): Executed 225 of 239[31m (3 FAILED)[39m (0 secs / 2.401 secs)
[1A[2KChrome Headless 149.0.0.0 (Windows 10): Executed 226 of 239[31m (3 FAILED)[39m (0 secs / 2.411 secs)
[1A[2KChrome Headless 149.0.0.0 (Windows 10): Executed 227 of 239[31m (3 FAILED)[39m (0 secs / 2.413 secs)
[1A[2KChrome Headless 149.0.0.0 (Windows 10): Executed 228 of 239[31m (3 FAILED)[39m (0 secs / 2.42 secs)
[1A[2KChrome Headless 149.0.0.0 (Windows 10): Executed 229 of 239[31m (3 FAILED)[39m (0 secs / 2.427 secs)
[1A[2KChrome Headless 149.0.0.0 (Windows 10): Executed 230 of 239[31m (3 FAILED)[39m (0 secs / 2.432 secs)
[1A[2KChrome Headless 149.0.0.0 (Windows 10): Executed 231 of 239[31m (3 FAILED)[39m (0 secs / 2.436 secs)
[1A[2KChrome Headless 149.0.0.0 (Windows 10): Executed 232 of 239[31m (3 FAILED)[39m (0 secs / 2.439 secs)
[1A[2KChrome Headless 149.0.0.0 (Windows 10): Executed 233 of 239[31m (3 FAILED)[39m (0 secs / 2.443 secs)
[1A[2KChrome Headless 149.0.0.0 (Windows 10): Executed 234 of 239[31m (3 FAILED)[39m (0 secs / 2.454 secs)
[1A[2KChrome Headless 149.0.0.0 (Windows 10): Executed 235 of 239[31m (3 FAILED)[39m (0 secs / 2.458 secs)
[1A[2KChrome Headless 149.0.0.0 (Windows 10): Executed 236 of 239[31m (3 FAILED)[39m (0 secs / 2.462 secs)
[1A[2KChrome Headless 149.0.0.0 (Windows 10): Executed 237 of 239[31m (3 FAILED)[39m (0 secs / 2.468 secs)
[1A[2KChrome Headless 149.0.0.0 (Windows 10): Executed 238 of 239[31m (3 FAILED)[39m (0 secs / 2.478 secs)
[1A[2KChrome Headless 149.0.0.0 (Windows 10): Executed 239 of 239[31m (3 FAILED)[39m (0 secs / 2.494 secs)
[1A[2KChrome Headless 149.0.0.0 (Windows 10): Executed 239 of 239[31m (3 FAILED)[39m (2.968 secs / 2.494 secs)
[31mTOTAL: 3 FAILED, 236 SUCCESS[39m
